Archive member included to satisfy reference by file (symbol)

/usr/lib/gcc/avr/7.3.0/avr25/libgcc.a(_mulqi3.o)
                              ds3231.o (__mulqi3)
/usr/lib/gcc/avr/7.3.0/avr25/libgcc.a(_udivmodqi4.o)
                              ds3231.o (__udivmodqi4)
/usr/lib/gcc/avr/7.3.0/avr25/libgcc.a(_exit.o)
                              /usr/lib/gcc/avr/7.3.0/../../../avr/lib/avr25/crtattiny84.o (exit)
/usr/lib/gcc/avr/7.3.0/avr25/libgcc.a(_copy_data.o)
                              main.o (__do_copy_data)
/usr/lib/gcc/avr/7.3.0/avr25/libgcc.a(_clear_bss.o)
                              main.o (__do_clear_bss)

Allocating common symbols
Common symbol       size              file

buff                0xa               main.o
month               0x1               main.o
hour                0x1               main.o
min                 0x1               main.o
year                0x1               main.o
sec                 0x1               main.o
day                 0x1               main.o
date                0x1               main.o

Memory Configuration

Name             Origin             Length             Attributes
text             0x0000000000000000 0x0000000000002000 xr
data             0x0000000000800060 0x0000000000000200 rw !x
eeprom           0x0000000000810000 0x0000000000000200 rw !x
fuse             0x0000000000820000 0x0000000000000003 rw !x
lock             0x0000000000830000 0x0000000000000400 rw !x
signature        0x0000000000840000 0x0000000000000400 rw !x
user_signatures  0x0000000000850000 0x0000000000000400 rw !x
*default*        0x0000000000000000 0xffffffffffffffff

Linker script and memory map

LOAD /usr/lib/gcc/avr/7.3.0/../../../avr/lib/avr25/crtattiny84.o
LOAD main.o
LOAD ds3231.o
LOAD uart_tx.o
LOAD u8_str.o
START GROUP
LOAD /usr/lib/gcc/avr/7.3.0/avr25/libgcc.a
LOAD /usr/lib/gcc/avr/7.3.0/../../../avr/lib/avr25/libm.a
LOAD /usr/lib/gcc/avr/7.3.0/../../../avr/lib/avr25/libc.a
LOAD /usr/lib/gcc/avr/7.3.0/../../../avr/lib/avr25/libattiny84.a
END GROUP
                0x0000000000000000                __TEXT_REGION_ORIGIN__ = DEFINED (__TEXT_REGION_ORIGIN__)?__TEXT_REGION_ORIGIN__:0x0
                [0x0000000000800060]                __DATA_REGION_ORIGIN__ = DEFINED (__DATA_REGION_ORIGIN__)?__DATA_REGION_ORIGIN__:0x800060
                [0x0000000000002000]                __TEXT_REGION_LENGTH__ = DEFINED (__TEXT_REGION_LENGTH__)?__TEXT_REGION_LENGTH__:0x2000
                [0x0000000000000200]                __DATA_REGION_LENGTH__ = DEFINED (__DATA_REGION_LENGTH__)?__DATA_REGION_LENGTH__:0xffa0
                [0x0000000000000200]                __EEPROM_REGION_LENGTH__ = DEFINED (__EEPROM_REGION_LENGTH__)?__EEPROM_REGION_LENGTH__:0x10000
                [0x0000000000000003]                __FUSE_REGION_LENGTH__ = DEFINED (__FUSE_REGION_LENGTH__)?__FUSE_REGION_LENGTH__:0x400
                0x0000000000000400                __LOCK_REGION_LENGTH__ = DEFINED (__LOCK_REGION_LENGTH__)?__LOCK_REGION_LENGTH__:0x400
                0x0000000000000400                __SIGNATURE_REGION_LENGTH__ = DEFINED (__SIGNATURE_REGION_LENGTH__)?__SIGNATURE_REGION_LENGTH__:0x400
                0x0000000000000400                __USER_SIGNATURE_REGION_LENGTH__ = DEFINED (__USER_SIGNATURE_REGION_LENGTH__)?__USER_SIGNATURE_REGION_LENGTH__:0x400

.hash
 *(.hash)

.dynsym
 *(.dynsym)

.dynstr
 *(.dynstr)

.gnu.version
 *(.gnu.version)

.gnu.version_d
 *(.gnu.version_d)

.gnu.version_r
 *(.gnu.version_r)

.rel.init
 *(.rel.init)

.rela.init
 *(.rela.init)

.rel.text
 *(.rel.text)
 *(.rel.text.*)
 *(.rel.gnu.linkonce.t*)

.rela.text
 *(.rela.text)
 *(.rela.text.*)
 *(.rela.gnu.linkonce.t*)

.rel.fini
 *(.rel.fini)

.rela.fini
 *(.rela.fini)

.rel.rodata
 *(.rel.rodata)
 *(.rel.rodata.*)
 *(.rel.gnu.linkonce.r*)

.rela.rodata
 *(.rela.rodata)
 *(.rela.rodata.*)
 *(.rela.gnu.linkonce.r*)

.rel.data
 *(.rel.data)
 *(.rel.data.*)
 *(.rel.gnu.linkonce.d*)

.rela.data
 *(.rela.data)
 *(.rela.data.*)
 *(.rela.gnu.linkonce.d*)

.rel.ctors
 *(.rel.ctors)

.rela.ctors
 *(.rela.ctors)

.rel.dtors
 *(.rel.dtors)

.rela.dtors
 *(.rela.dtors)

.rel.got
 *(.rel.got)

.rela.got
 *(.rela.got)

.rel.bss
 *(.rel.bss)

.rela.bss
 *(.rela.bss)

.rel.plt
 *(.rel.plt)

.rela.plt
 *(.rela.plt)

.text           0x0000000000000000      0x3c0
 *(.vectors)
 .vectors       0x0000000000000000       0x22 /usr/lib/gcc/avr/7.3.0/../../../avr/lib/avr25/crtattiny84.o
                0x0000000000000000                __vectors
                0x0000000000000000                __vector_default
 *(.vectors)
 *(.progmem.gcc*)
                0x0000000000000022                . = ALIGN (0x2)
                0x0000000000000022                __trampolines_start = .
 *(.trampolines)
 .trampolines   0x0000000000000022        0x0 linker stubs
 *(.trampolines*)
                0x0000000000000022                __trampolines_end = .
 *libprintf_flt.a:*(.progmem.data)
 *libc.a:*(.progmem.data)
 *(.progmem*)
                0x0000000000000022                . = ALIGN (0x2)
 *(.jumptables)
 *(.jumptables*)
 *(.lowtext)
 *(.lowtext*)
                0x0000000000000022                __ctors_start = .
 *(.ctors)
                0x0000000000000022                __ctors_end = .
                0x0000000000000022                __dtors_start = .
 *(.dtors)
                0x0000000000000022                __dtors_end = .
 SORT(*)(.ctors)
 SORT(*)(.dtors)
 *(.init0)
 .init0         0x0000000000000022        0x0 /usr/lib/gcc/avr/7.3.0/../../../avr/lib/avr25/crtattiny84.o
                0x0000000000000022                __init
 *(.init0)
 *(.init1)
 *(.init1)
 *(.init2)
 .init2         0x0000000000000022        0xc /usr/lib/gcc/avr/7.3.0/../../../avr/lib/avr25/crtattiny84.o
 *(.init2)
 *(.init3)
 *(.init3)
 *(.init4)
 .init4         0x000000000000002e       0x16 /usr/lib/gcc/avr/7.3.0/avr25/libgcc.a(_copy_data.o)
                0x000000000000002e                __do_copy_data
 .init4         0x0000000000000044       0x10 /usr/lib/gcc/avr/7.3.0/avr25/libgcc.a(_clear_bss.o)
                0x0000000000000044                __do_clear_bss
 *(.init4)
 *(.init5)
 *(.init5)
 *(.init6)
 *(.init6)
 *(.init7)
 *(.init7)
 *(.init8)
 *(.init8)
 *(.init9)
 .init9         0x0000000000000054        0x4 /usr/lib/gcc/avr/7.3.0/../../../avr/lib/avr25/crtattiny84.o
 *(.init9)
 *(.text)
 .text          0x0000000000000058        0x2 /usr/lib/gcc/avr/7.3.0/../../../avr/lib/avr25/crtattiny84.o
                0x0000000000000058                __vector_1
                0x0000000000000058                __vector_12
                0x0000000000000058                __bad_interrupt
                0x0000000000000058                __vector_6
                0x0000000000000058                __vector_3
                0x0000000000000058                __vector_11
                0x0000000000000058                __vector_13
                0x0000000000000058                __vector_7
                0x0000000000000058                __vector_5
                0x0000000000000058                __vector_4
                0x0000000000000058                __vector_9
                0x0000000000000058                __vector_2
                0x0000000000000058                __vector_15
                0x0000000000000058                __vector_8
                0x0000000000000058                __vector_14
                0x0000000000000058                __vector_10
                0x0000000000000058                __vector_16
 .text          0x000000000000005a        0x0 main.o
 .text          0x000000000000005a      0x20e ds3231.o
                0x000000000000005a                i2c_delay
                0x0000000000000062                i2c_start
                0x000000000000007c                i2c_stop
                0x0000000000000098                i2c_write
                0x00000000000000da                i2c_read
                0x000000000000011a                dec_to_bcd
                0x0000000000000126                bcd_to_dec
                0x0000000000000136                ds3231_write_reg
                0x0000000000000152                ds3231_read_reg
                0x0000000000000174                ds3231_set_time
                0x00000000000001ce                ds3231_get_time
 .text          0x0000000000000268       0x4c uart_tx.o
                0x0000000000000268                uart_init
                0x000000000000026e                uart_tx_byte
                0x000000000000029e                uart_tx_string
 .text          0x00000000000002b4       0x66 u8_str.o
                0x00000000000002b4                u8_to_str
 .text          0x000000000000031a        0x0 /usr/lib/gcc/avr/7.3.0/avr25/libgcc.a(_mulqi3.o)
 .text          0x000000000000031a        0x0 /usr/lib/gcc/avr/7.3.0/avr25/libgcc.a(_udivmodqi4.o)
 .text          0x000000000000031a        0x0 /usr/lib/gcc/avr/7.3.0/avr25/libgcc.a(_exit.o)
 .text          0x000000000000031a        0x0 /usr/lib/gcc/avr/7.3.0/avr25/libgcc.a(_copy_data.o)
 .text          0x000000000000031a        0x0 /usr/lib/gcc/avr/7.3.0/avr25/libgcc.a(_clear_bss.o)
                0x000000000000031a                . = ALIGN (0x2)
 *(.text.*)
 .text.startup  0x000000000000031a       0x78 main.o
                0x000000000000031a                main
 .text.libgcc.mul
                0x0000000000000392       0x12 /usr/lib/gcc/avr/7.3.0/avr25/libgcc.a(_mulqi3.o)
                0x0000000000000392                __mulqi3
 .text.libgcc.div
                0x00000000000003a4        0x0 /usr/lib/gcc/avr/7.3.0/avr25/libgcc.a(_mulqi3.o)
 .text.libgcc   0x00000000000003a4        0x0 /usr/lib/gcc/avr/7.3.0/avr25/libgcc.a(_mulqi3.o)
 .text.libgcc.prologue
                0x00000000000003a4        0x0 /usr/lib/gcc/avr/7.3.0/avr25/libgcc.a(_mulqi3.o)
 .text.libgcc.builtins
                0x00000000000003a4        0x0 /usr/lib/gcc/avr/7.3.0/avr25/libgcc.a(_mulqi3.o)
 .text.libgcc.fmul
                0x00000000000003a4        0x0 /usr/lib/gcc/avr/7.3.0/avr25/libgcc.a(_mulqi3.o)
 .text.libgcc.fixed
                0x00000000000003a4        0x0 /usr/lib/gcc/avr/7.3.0/avr25/libgcc.a(_mulqi3.o)
 .text.libgcc.mul
                0x00000000000003a4        0x0 /usr/lib/gcc/avr/7.3.0/avr25/libgcc.a(_udivmodqi4.o)
 .text.libgcc.div
                0x00000000000003a4       0x18 /usr/lib/gcc/avr/7.3.0/avr25/libgcc.a(_udivmodqi4.o)
                0x00000000000003a4                __udivmodqi4
 .text.libgcc   0x00000000000003bc        0x0 /usr/lib/gcc/avr/7.3.0/avr25/libgcc.a(_udivmodqi4.o)
 .text.libgcc.prologue
                0x00000000000003bc        0x0 /usr/lib/gcc/avr/7.3.0/avr25/libgcc.a(_udivmodqi4.o)
 .text.libgcc.builtins
                0x00000000000003bc        0x0 /usr/lib/gcc/avr/7.3.0/avr25/libgcc.a(_udivmodqi4.o)
 .text.libgcc.fmul
                0x00000000000003bc        0x0 /usr/lib/gcc/avr/7.3.0/avr25/libgcc.a(_udivmodqi4.o)
 .text.libgcc.fixed
                0x00000000000003bc        0x0 /usr/lib/gcc/avr/7.3.0/avr25/libgcc.a(_udivmodqi4.o)
 .text.libgcc.mul
                0x00000000000003bc        0x0 /usr/lib/gcc/avr/7.3.0/avr25/libgcc.a(_exit.o)
 .text.libgcc.div
                0x00000000000003bc        0x0 /usr/lib/gcc/avr/7.3.0/avr25/libgcc.a(_exit.o)
 .text.libgcc   0x00000000000003bc        0x0 /usr/lib/gcc/avr/7.3.0/avr25/libgcc.a(_exit.o)
 .text.libgcc.prologue
                0x00000000000003bc        0x0 /usr/lib/gcc/avr/7.3.0/avr25/libgcc.a(_exit.o)
 .text.libgcc.builtins
                0x00000000000003bc        0x0 /usr/lib/gcc/avr/7.3.0/avr25/libgcc.a(_exit.o)
 .text.libgcc.fmul
                0x00000000000003bc        0x0 /usr/lib/gcc/avr/7.3.0/avr25/libgcc.a(_exit.o)
 .text.libgcc.fixed
                0x00000000000003bc        0x0 /usr/lib/gcc/avr/7.3.0/avr25/libgcc.a(_exit.o)
 .text.libgcc.mul
                0x00000000000003bc        0x0 /usr/lib/gcc/avr/7.3.0/avr25/libgcc.a(_copy_data.o)
 .text.libgcc.div
                0x00000000000003bc        0x0 /usr/lib/gcc/avr/7.3.0/avr25/libgcc.a(_copy_data.o)
 .text.libgcc   0x00000000000003bc        0x0 /usr/lib/gcc/avr/7.3.0/avr25/libgcc.a(_copy_data.o)
 .text.libgcc.prologue
                0x00000000000003bc        0x0 /usr/lib/gcc/avr/7.3.0/avr25/libgcc.a(_copy_data.o)
 .text.libgcc.builtins
                0x00000000000003bc        0x0 /usr/lib/gcc/avr/7.3.0/avr25/libgcc.a(_copy_data.o)
 .text.libgcc.fmul
                0x00000000000003bc        0x0 /usr/lib/gcc/avr/7.3.0/avr25/libgcc.a(_copy_data.o)
 .text.libgcc.fixed
                0x00000000000003bc        0x0 /usr/lib/gcc/avr/7.3.0/avr25/libgcc.a(_copy_data.o)
 .text.libgcc.mul
                0x00000000000003bc        0x0 /usr/lib/gcc/avr/7.3.0/avr25/libgcc.a(_clear_bss.o)
 .text.libgcc.div
                0x00000000000003bc        0x0 /usr/lib/gcc/avr/7.3.0/avr25/libgcc.a(_clear_bss.o)
 .text.libgcc   0x00000000000003bc        0x0 /usr/lib/gcc/avr/7.3.0/avr25/libgcc.a(_clear_bss.o)
 .text.libgcc.prologue
                0x00000000000003bc        0x0 /usr/lib/gcc/avr/7.3.0/avr25/libgcc.a(_clear_bss.o)
 .text.libgcc.builtins
                0x00000000000003bc        0x0 /usr/lib/gcc/avr/7.3.0/avr25/libgcc.a(_clear_bss.o)
 .text.libgcc.fmul
                0x00000000000003bc        0x0 /usr/lib/gcc/avr/7.3.0/avr25/libgcc.a(_clear_bss.o)
 .text.libgcc.fixed
                0x00000000000003bc        0x0 /usr/lib/gcc/avr/7.3.0/avr25/libgcc.a(_clear_bss.o)
                0x00000000000003bc                . = ALIGN (0x2)
 *(.fini9)
 .fini9         0x00000000000003bc        0x0 /usr/lib/gcc/avr/7.3.0/avr25/libgcc.a(_exit.o)
                0x00000000000003bc                exit
                0x00000000000003bc                _exit
 *(.fini9)
 *(.fini8)
 *(.fini8)
 *(.fini7)
 *(.fini7)
 *(.fini6)
 *(.fini6)
 *(.fini5)
 *(.fini5)
 *(.fini4)
 *(.fini4)
 *(.fini3)
 *(.fini3)
 *(.fini2)
 *(.fini2)
 *(.fini1)
 *(.fini1)
 *(.fini0)
 .fini0         0x00000000000003bc        0x4 /usr/lib/gcc/avr/7.3.0/avr25/libgcc.a(_exit.o)
 *(.fini0)
                0x00000000000003c0                _etext = .

.data           0x0000000000800060        0x6 load address 0x00000000000003c0
                0x0000000000800060                PROVIDE (__data_start, .)
 *(.data)
 .data          0x0000000000800060        0x0 /usr/lib/gcc/avr/7.3.0/../../../avr/lib/avr25/crtattiny84.o
 .data          0x0000000000800060        0x0 main.o
 .data          0x0000000000800060        0x0 ds3231.o
 .data          0x0000000000800060        0x0 uart_tx.o
 .data          0x0000000000800060        0x0 u8_str.o
 .data          0x0000000000800060        0x0 /usr/lib/gcc/avr/7.3.0/avr25/libgcc.a(_mulqi3.o)
 .data          0x0000000000800060        0x0 /usr/lib/gcc/avr/7.3.0/avr25/libgcc.a(_udivmodqi4.o)
 .data          0x0000000000800060        0x0 /usr/lib/gcc/avr/7.3.0/avr25/libgcc.a(_exit.o)
 .data          0x0000000000800060        0x0 /usr/lib/gcc/avr/7.3.0/avr25/libgcc.a(_copy_data.o)
 .data          0x0000000000800060        0x0 /usr/lib/gcc/avr/7.3.0/avr25/libgcc.a(_clear_bss.o)
 *(.data*)
 *(.gnu.linkonce.d*)
 *(.rodata)
 *(.rodata*)
 .rodata.str1.1
                0x0000000000800060        0x5 main.o
 *(.gnu.linkonce.r*)
                0x0000000000800066                . = ALIGN (0x2)
 *fill*         0x0000000000800065        0x1 
                0x0000000000800066                _edata = .
                0x0000000000800066                PROVIDE (__data_end, .)

.bss            0x0000000000800066       0x11
                0x0000000000800066                PROVIDE (__bss_start, .)
 *(.bss)
 .bss           0x0000000000800066        0x0 /usr/lib/gcc/avr/7.3.0/../../../avr/lib/avr25/crtattiny84.o
 .bss           0x0000000000800066        0x0 main.o
 .bss           0x0000000000800066        0x0 ds3231.o
 .bss           0x0000000000800066        0x0 uart_tx.o
 .bss           0x0000000000800066        0x0 u8_str.o
 .bss           0x0000000000800066        0x0 /usr/lib/gcc/avr/7.3.0/avr25/libgcc.a(_mulqi3.o)
 .bss           0x0000000000800066        0x0 /usr/lib/gcc/avr/7.3.0/avr25/libgcc.a(_udivmodqi4.o)
 .bss           0x0000000000800066        0x0 /usr/lib/gcc/avr/7.3.0/avr25/libgcc.a(_exit.o)
 .bss           0x0000000000800066        0x0 /usr/lib/gcc/avr/7.3.0/avr25/libgcc.a(_copy_data.o)
 .bss           0x0000000000800066        0x0 /usr/lib/gcc/avr/7.3.0/avr25/libgcc.a(_clear_bss.o)
 *(.bss*)
 *(COMMON)
 COMMON         0x0000000000800066       0x11 main.o
                0x0000000000800066                buff
                0x0000000000800070                month
                0x0000000000800071                hour
                0x0000000000800072                min
                0x0000000000800073                year
                0x0000000000800074                sec
                0x0000000000800075                day
                0x0000000000800076                date
                0x0000000000800077                PROVIDE (__bss_end, .)
                0x00000000000003c0                __data_load_start = LOADADDR (.data)
                0x00000000000003c6                __data_load_end = (__data_load_start + SIZEOF (.data))

.noinit         0x0000000000800077        0x0
                [!provide]                        PROVIDE (__noinit_start, .)
 *(.noinit*)
                [!provide]                        PROVIDE (__noinit_end, .)
                0x0000000000800077                _end = .
                [!provide]                        PROVIDE (__heap_start, .)

.eeprom         0x0000000000810000        0x0
 *(.eeprom*)
                0x0000000000810000                __eeprom_end = .

.fuse
 *(.fuse)
 *(.lfuse)
 *(.hfuse)
 *(.efuse)

.lock
 *(.lock*)

.signature
 *(.signature*)

.user_signatures
 *(.user_signatures*)

.stab           0x0000000000000000     0x19d4
 *(.stab)
 .stab          0x0000000000000000      0x5ac main.o
 .stab          0x00000000000005ac      0xc24 ds3231.o
                                        0xdec (size before relaxing)
 .stab          0x00000000000011d0      0x498 uart_tx.o
                                        0x660 (size before relaxing)
 .stab          0x0000000000001668      0x36c u8_str.o
                                        0x4e0 (size before relaxing)

.stabstr        0x0000000000000000      0xfc6
 *(.stabstr)
 .stabstr       0x0000000000000000      0xfc6 main.o

.stab.excl
 *(.stab.excl)

.stab.exclstr
 *(.stab.exclstr)

.stab.index
 *(.stab.index)

.stab.indexstr
 *(.stab.indexstr)

.comment        0x0000000000000000       0x11
 *(.comment)
 .comment       0x0000000000000000       0x11 main.o
                                         0x12 (size before relaxing)
 .comment       0x0000000000000011       0x12 ds3231.o
 .comment       0x0000000000000011       0x12 uart_tx.o
 .comment       0x0000000000000011       0x12 u8_str.o

.note.gnu.avr.deviceinfo
                0x0000000000000000       0x3c
 .note.gnu.avr.deviceinfo
                0x0000000000000000       0x3c /usr/lib/gcc/avr/7.3.0/../../../avr/lib/avr25/crtattiny84.o

.note.gnu.build-id
 *(.note.gnu.build-id)

.debug
 *(.debug)

.line
 *(.line)

.debug_srcinfo
 *(.debug_srcinfo)

.debug_sfnames
 *(.debug_sfnames)

.debug_aranges
 *(.debug_aranges)

.debug_pubnames
 *(.debug_pubnames)

.debug_info     0x0000000000000000      0x420
 *(.debug_info .gnu.linkonce.wi.*)
 .debug_info    0x0000000000000000      0x420 /usr/lib/gcc/avr/7.3.0/../../../avr/lib/avr25/crtattiny84.o

.debug_abbrev   0x0000000000000000      0x3e8
 *(.debug_abbrev)
 .debug_abbrev  0x0000000000000000      0x3e8 /usr/lib/gcc/avr/7.3.0/../../../avr/lib/avr25/crtattiny84.o

.debug_line     0x0000000000000000       0x1a
 *(.debug_line .debug_line.* .debug_line_end)
 .debug_line    0x0000000000000000       0x1a /usr/lib/gcc/avr/7.3.0/../../../avr/lib/avr25/crtattiny84.o

.debug_frame
 *(.debug_frame)

.debug_str      0x0000000000000000      0x173
 *(.debug_str)
 .debug_str     0x0000000000000000      0x173 /usr/lib/gcc/avr/7.3.0/../../../avr/lib/avr25/crtattiny84.o

.debug_loc
 *(.debug_loc)

.debug_macinfo
 *(.debug_macinfo)

.debug_weaknames
 *(.debug_weaknames)

.debug_funcnames
 *(.debug_funcnames)

.debug_typenames
 *(.debug_typenames)

.debug_varnames
 *(.debug_varnames)

.debug_pubtypes
 *(.debug_pubtypes)

.debug_ranges
 *(.debug_ranges)

.debug_macro
 *(.debug_macro)
OUTPUT(main.elf elf32-avr)
LOAD linker stubs

Cross Reference Table

Symbol                                            File
__DATA_REGION_LENGTH__                            /usr/lib/gcc/avr/7.3.0/../../../avr/lib/avr25/crtattiny84.o
__DATA_REGION_ORIGIN__                            /usr/lib/gcc/avr/7.3.0/../../../avr/lib/avr25/crtattiny84.o
__EEPROM_REGION_LENGTH__                          /usr/lib/gcc/avr/7.3.0/../../../avr/lib/avr25/crtattiny84.o
__FUSE_REGION_LENGTH__                            /usr/lib/gcc/avr/7.3.0/../../../avr/lib/avr25/crtattiny84.o
__TEXT_REGION_LENGTH__                            /usr/lib/gcc/avr/7.3.0/../../../avr/lib/avr25/crtattiny84.o
__bad_interrupt                                   /usr/lib/gcc/avr/7.3.0/../../../avr/lib/avr25/crtattiny84.o
__bss_end                                         /usr/lib/gcc/avr/7.3.0/avr25/libgcc.a(_clear_bss.o)
__bss_start                                       /usr/lib/gcc/avr/7.3.0/avr25/libgcc.a(_clear_bss.o)
__data_end                                        /usr/lib/gcc/avr/7.3.0/avr25/libgcc.a(_copy_data.o)
__data_load_start                                 /usr/lib/gcc/avr/7.3.0/avr25/libgcc.a(_copy_data.o)
__data_start                                      /usr/lib/gcc/avr/7.3.0/avr25/libgcc.a(_copy_data.o)
__do_clear_bss                                    /usr/lib/gcc/avr/7.3.0/avr25/libgcc.a(_clear_bss.o)
                                                  main.o
__do_copy_data                                    /usr/lib/gcc/avr/7.3.0/avr25/libgcc.a(_copy_data.o)
                                                  main.o
__heap_end                                        /usr/lib/gcc/avr/7.3.0/../../../avr/lib/avr25/crtattiny84.o
__init                                            /usr/lib/gcc/avr/7.3.0/../../../avr/lib/avr25/crtattiny84.o
__mulqi3                                          /usr/lib/gcc/avr/7.3.0/avr25/libgcc.a(_mulqi3.o)
                                                  ds3231.o
__stack                                           /usr/lib/gcc/avr/7.3.0/../../../avr/lib/avr25/crtattiny84.o
__udivmodqi4                                      /usr/lib/gcc/avr/7.3.0/avr25/libgcc.a(_udivmodqi4.o)
                                                  u8_str.o
                                                  ds3231.o
__vector_1                                        /usr/lib/gcc/avr/7.3.0/../../../avr/lib/avr25/crtattiny84.o
__vector_10                                       /usr/lib/gcc/avr/7.3.0/../../../avr/lib/avr25/crtattiny84.o
__vector_11                                       /usr/lib/gcc/avr/7.3.0/../../../avr/lib/avr25/crtattiny84.o
__vector_12                                       /usr/lib/gcc/avr/7.3.0/../../../avr/lib/avr25/crtattiny84.o
__vector_13                                       /usr/lib/gcc/avr/7.3.0/../../../avr/lib/avr25/crtattiny84.o
__vector_14                                       /usr/lib/gcc/avr/7.3.0/../../../avr/lib/avr25/crtattiny84.o
__vector_15                                       /usr/lib/gcc/avr/7.3.0/../../../avr/lib/avr25/crtattiny84.o
__vector_16                                       /usr/lib/gcc/avr/7.3.0/../../../avr/lib/avr25/crtattiny84.o
__vector_2                                        /usr/lib/gcc/avr/7.3.0/../../../avr/lib/avr25/crtattiny84.o
__vector_3                                        /usr/lib/gcc/avr/7.3.0/../../../avr/lib/avr25/crtattiny84.o
__vector_4                                        /usr/lib/gcc/avr/7.3.0/../../../avr/lib/avr25/crtattiny84.o
__vector_5                                        /usr/lib/gcc/avr/7.3.0/../../../avr/lib/avr25/crtattiny84.o
__vector_6                                        /usr/lib/gcc/avr/7.3.0/../../../avr/lib/avr25/crtattiny84.o
__vector_7                                        /usr/lib/gcc/avr/7.3.0/../../../avr/lib/avr25/crtattiny84.o
__vector_8                                        /usr/lib/gcc/avr/7.3.0/../../../avr/lib/avr25/crtattiny84.o
__vector_9                                        /usr/lib/gcc/avr/7.3.0/../../../avr/lib/avr25/crtattiny84.o
__vector_default                                  /usr/lib/gcc/avr/7.3.0/../../../avr/lib/avr25/crtattiny84.o
__vectors                                         /usr/lib/gcc/avr/7.3.0/../../../avr/lib/avr25/crtattiny84.o
_exit                                             /usr/lib/gcc/avr/7.3.0/avr25/libgcc.a(_exit.o)
bcd_to_dec                                        ds3231.o
buff                                              main.o
date                                              main.o
day                                               main.o
dec_to_bcd                                        ds3231.o
ds3231_get_time                                   ds3231.o
                                                  main.o
ds3231_read_reg                                   ds3231.o
ds3231_set_time                                   ds3231.o
ds3231_write_reg                                  ds3231.o
exit                                              /usr/lib/gcc/avr/7.3.0/avr25/libgcc.a(_exit.o)
                                                  /usr/lib/gcc/avr/7.3.0/../../../avr/lib/avr25/crtattiny84.o
hour                                              main.o
i2c_delay                                         ds3231.o
i2c_read                                          ds3231.o
i2c_start                                         ds3231.o
i2c_stop                                          ds3231.o
i2c_write                                         ds3231.o
main                                              main.o
                                                  /usr/lib/gcc/avr/7.3.0/../../../avr/lib/avr25/crtattiny84.o
min                                               main.o
month                                             main.o
sec                                               main.o
u8_to_str                                         u8_str.o
                                                  main.o
uart_init                                         uart_tx.o
                                                  main.o
uart_tx_byte                                      uart_tx.o
uart_tx_string                                    uart_tx.o
                                                  main.o
year                                              main.o
